C:\my\ddd\BitcrystalSaphir\build_objects\*.o konnte nicht gefunden werden
Project MESSAGE: Building with UPNP supportProject MESSAGE: Building with DBUS (Freedesktop notifications) supportProject MESSAGE: Building with UPNP supportProject MESSAGE: Building with DBUS (Freedesktop notifications) supportProject MESSAGE: Building with UPNP supportProject MESSAGE: Building with DBUS (Freedesktop notifications) supportProject MESSAGE: Building with QRCode support
Project MESSAGE: Building with UPNP support
Project MESSAGE: Building with QRCode support
Project MESSAGE: Building with UPNP support
Project MESSAGE: Building with QRCode support
Project MESSAGE: Building with UPNP support
